apiVersion: cloudbuild.cnrm.cloud.google.com/v1beta1
kind: CloudBuildWorkerPool
metadata:
  annotations:
    cnrm.cloud.google.com/management-conflict-prevention-policy: none
  finalizers:
  - cnrm.cloud.google.com/finalizer
  - cnrm.cloud.google.com/deletion-defender
  generation: 2
  labels:
    cnrm-test: "true"
  name: cloudbuildworkerpool-${uniqueId}
  namespace: ${uniqueId}
spec:
  location: us-central1
  privatePoolV1Config:
    workerConfig:
      diskSizeGb: 150
      machineType: e2-highmem-4
  projectRef:
    external: projects/${projectId}
status:
  conditions:
  - lastTransitionTime: "1970-01-01T00:00:00Z"
    message: The resource is up to date
    reason: UpToDate
    status: "True"
    type: Ready
  externalRef: https://cloudbuild.googleapis.com/v1/projects/${projectNumber}/locations/us-central1/workerPools/cloudbuildworkerpool-${uniqueId}
  observedGeneration: 2
  observedState:
    createTime: "1970-01-01T00:00:00Z"
    etag: abcdef123456
    networkConfig:
      egressOption: PUBLIC_EGRESS
    updateTime: "1970-01-01T00:00:00Z"
    workerConfig:
      diskSizeGb: 150
      machineType: e2-highmem-4
