apiVersion: networksecurity.cnrm.cloud.google.com/v1beta1
kind: NetworkSecurityAuthorizationPolicy
metadata:
  annotations:
    cnrm.cloud.google.com/management-conflict-prevention-policy: none
    cnrm.cloud.google.com/state-into-spec: absent
  finalizers:
  - cnrm.cloud.google.com/finalizer
  - cnrm.cloud.google.com/deletion-defender
  generation: 3
  labels:
    cnrm-test: "true"
    foo: bar
  name: authorizationpolicyemptyrules-${uniqueId}
  namespace: ${uniqueId}
spec:
  action: ALLOW
  location: global
  projectRef:
    external: ${projectId}
  resourceID: authorizationpolicyemptyrules-${uniqueId}
  rules: []
status:
  conditions:
  - lastTransitionTime: "1970-01-01T00:00:00Z"
    message: The resource is up to date
    reason: UpToDate
    status: "True"
    type: Ready
  createTime: "1970-01-01T00:00:00Z"
  observedGeneration: 3
  updateTime: "1970-01-01T00:00:00Z"
